// Jest Snapshot v1, https://goo.gl/fbAQLP

exports[`should match snapshot 1`] = `
Object {
  "collectCoverageFrom": Array [
    "www/**/*.js",
    "api/**/*.js",
  ],
  "coveragePathIgnorePatterns": Array [
    ".*/.data/.js",
  ],
  "testPathIgnorePatterns": Array [
    "/node_modules/",
    "/docusaurus/",
  ],
  "transform": Object {
    "/.data-url/.": "<PROJECT_ROOT>/lib/transforms/data-url.js",
    "/.inline/.": "<PROJECT_ROOT>/lib/transforms/inline.js",
  },
}
`;
