// Jest Snapshot v1, https://goo.gl/fbAQLP

exports[`should extend all matchers 1`] = `
Object {
  "lastCalledWith": [Function],
  "lastReturnedWith": [Function],
  "not": Object {
    "lastCalledWith": [Function],
    "lastReturnedWith": [Function],
    "nthCalledWith": [Function],
    "nthReturnedWith": [Function],
    "toBe": [Function],
    "toBeCalled": [Function],
    "toBeCalledTimes": [Function],
    "toBeCalledWith": [Function],
    "toBeChecked": [Function],
    "toBeCloseTo": [Function],
    "toBeDefined": [Function],
    "toBeDisabled": [Function],
    "toBeEmptyRender": [Function],
    "toBeFalsy": [Function],
    "toBeGreaterThan": [Function],
    "toBeGreaterThanOrEqual": [Function],
    "toBeInstanceOf": [Function],
    "toBeLessThan": [Function],
    "toBeLessThanOrEqual": [Function],
    "toBeNaN": [Function],
    "toBeNull": [Function],
    "toBeTruthy": [Function],
    "toBeUndefined": [Function],
    "toContain": [Function],
    "toContainEqual": [Function],
    "toContainExactlyOneMatchingElement": [Function],
    "toContainMatchingElement": [Function],
    "toContainMatchingElements": [Function],
    "toContainReact": [Function],
    "toEqual": [Function],
    "toExist": [Function],
    "toHaveBeenCalled": [Function],
    "toHaveBeenCalledTimes": [Function],
    "toHaveBeenCalledWith": [Function],
    "toHaveBeenLastCalledWith": [Function],
    "toHaveBeenNthCalledWith": [Function],
    "toHaveClassName": [Function],
    "toHaveDisplayName": [Function],
    "toHaveHTML": [Function],
    "toHaveLastReturnedWith": [Function],
    "toHaveLength": [Function],
    "toHaveNthReturnedWith": [Function],
    "toHaveProp": [Function],
    "toHaveProperty": [Function],
    "toHaveRef": [Function],
    "toHaveReturned": [Function],
    "toHaveReturnedTimes": [Function],
    "toHaveReturnedWith": [Function],
    "toHaveState": [Function],
    "toHaveStyle": [Function],
    "toHaveTagName": [Function],
    "toHaveText": [Function],
    "toHaveValue": [Function],
    "toIncludeText": [Function],
    "toMatch": [Function],
    "toMatchElement": [Function],
    "toMatchInlineSnapshot": [Function],
    "toMatchObject": [Function],
    "toMatchSelector": [Function],
    "toMatchSnapshot": [Function],
    "toReturn": [Function],
    "toReturnTimes": [Function],
    "toReturnWith": [Function],
    "toStrictEqual": [Function],
    "toThrow": [Function],
    "toThrowError": [Function],
    "toThrowErrorMatchingInlineSnapshot": [Function],
    "toThrowErrorMatchingSnapshot": [Function],
  },
  "nthCalledWith": [Function],
  "nthReturnedWith": [Function],
  "rejects": Object {
    "lastCalledWith": [Function],
    "lastReturnedWith": [Function],
    "not": Object {
      "lastCalledWith": [Function],
      "lastReturnedWith": [Function],
      "nthCalledWith": [Function],
      "nthReturnedWith": [Function],
      "toBe": [Function],
      "toBeCalled": [Function],
      "toBeCalledTimes": [Function],
      "toBeCalledWith": [Function],
      "toBeChecked": [Function],
      "toBeCloseTo": [Function],
      "toBeDefined": [Function],
      "toBeDisabled": [Function],
      "toBeEmptyRender": [Function],
      "toBeFalsy": [Function],
      "toBeGreaterThan": [Function],
      "toBeGreaterThanOrEqual": [Function],
      "toBeInstanceOf": [Function],
      "toBeLessThan": [Function],
      "toBeLessThanOrEqual": [Function],
      "toBeNaN": [Function],
      "toBeNull": [Function],
      "toBeTruthy": [Function],
      "toBeUndefined": [Function],
      "toContain": [Function],
      "toContainEqual": [Function],
      "toContainExactlyOneMatchingElement": [Function],
      "toContainMatchingElement": [Function],
      "toContainMatchingElements": [Function],
      "toContainReact": [Function],
      "toEqual": [Function],
      "toExist": [Function],
      "toHaveBeenCalled": [Function],
      "toHaveBeenCalledTimes": [Function],
      "toHaveBeenCalledWith": [Function],
      "toHaveBeenLastCalledWith": [Function],
      "toHaveBeenNthCalledWith": [Function],
      "toHaveClassName": [Function],
      "toHaveDisplayName": [Function],
      "toHaveHTML": [Function],
      "toHaveLastReturnedWith": [Function],
      "toHaveLength": [Function],
      "toHaveNthReturnedWith": [Function],
      "toHaveProp": [Function],
      "toHaveProperty": [Function],
      "toHaveRef": [Function],
      "toHaveReturned": [Function],
      "toHaveReturnedTimes": [Function],
      "toHaveReturnedWith": [Function],
      "toHaveState": [Function],
      "toHaveStyle": [Function],
      "toHaveTagName": [Function],
      "toHaveText": [Function],
      "toHaveValue": [Function],
      "toIncludeText": [Function],
      "toMatch": [Function],
      "toMatchElement": [Function],
      "toMatchInlineSnapshot": [Function],
      "toMatchObject": [Function],
      "toMatchSelector": [Function],
      "toMatchSnapshot": [Function],
      "toReturn": [Function],
      "toReturnTimes": [Function],
      "toReturnWith": [Function],
      "toStrictEqual": [Function],
      "toThrow": [Function],
      "toThrowError": [Function],
      "toThrowErrorMatchingInlineSnapshot": [Function],
      "toThrowErrorMatchingSnapshot": [Function],
    },
    "nthCalledWith": [Function],
    "nthReturnedWith": [Function],
    "toBe": [Function],
    "toBeCalled": [Function],
    "toBeCalledTimes": [Function],
    "toBeCalledWith": [Function],
    "toBeChecked": [Function],
    "toBeCloseTo": [Function],
    "toBeDefined": [Function],
    "toBeDisabled": [Function],
    "toBeEmptyRender": [Function],
    "toBeFalsy": [Function],
    "toBeGreaterThan": [Function],
    "toBeGreaterThanOrEqual": [Function],
    "toBeInstanceOf": [Function],
    "toBeLessThan": [Function],
    "toBeLessThanOrEqual": [Function],
    "toBeNaN": [Function],
    "toBeNull": [Function],
    "toBeTruthy": [Function],
    "toBeUndefined": [Function],
    "toContain": [Function],
    "toContainEqual": [Function],
    "toContainExactlyOneMatchingElement": [Function],
    "toContainMatchingElement": [Function],
    "toContainMatchingElements": [Function],
    "toContainReact": [Function],
    "toEqual": [Function],
    "toExist": [Function],
    "toHaveBeenCalled": [Function],
    "toHaveBeenCalledTimes": [Function],
    "toHaveBeenCalledWith": [Function],
    "toHaveBeenLastCalledWith": [Function],
    "toHaveBeenNthCalledWith": [Function],
    "toHaveClassName": [Function],
    "toHaveDisplayName": [Function],
    "toHaveHTML": [Function],
    "toHaveLastReturnedWith": [Function],
    "toHaveLength": [Function],
    "toHaveNthReturnedWith": [Function],
    "toHaveProp": [Function],
    "toHaveProperty": [Function],
    "toHaveRef": [Function],
    "toHaveReturned": [Function],
    "toHaveReturnedTimes": [Function],
    "toHaveReturnedWith": [Function],
    "toHaveState": [Function],
    "toHaveStyle": [Function],
    "toHaveTagName": [Function],
    "toHaveText": [Function],
    "toHaveValue": [Function],
    "toIncludeText": [Function],
    "toMatch": [Function],
    "toMatchElement": [Function],
    "toMatchInlineSnapshot": [Function],
    "toMatchObject": [Function],
    "toMatchSelector": [Function],
    "toMatchSnapshot": [Function],
    "toReturn": [Function],
    "toReturnTimes": [Function],
    "toReturnWith": [Function],
    "toStrictEqual": [Function],
    "toThrow": [Function],
    "toThrowError": [Function],
    "toThrowErrorMatchingInlineSnapshot": [Function],
    "toThrowErrorMatchingSnapshot": [Function],
  },
  "resolves": Object {
    "lastCalledWith": [Function],
    "lastReturnedWith": [Function],
    "not": Object {
      "lastCalledWith": [Function],
      "lastReturnedWith": [Function],
      "nthCalledWith": [Function],
      "nthReturnedWith": [Function],
      "toBe": [Function],
      "toBeCalled": [Function],
      "toBeCalledTimes": [Function],
      "toBeCalledWith": [Function],
      "toBeChecked": [Function],
      "toBeCloseTo": [Function],
      "toBeDefined": [Function],
      "toBeDisabled": [Function],
      "toBeEmptyRender": [Function],
      "toBeFalsy": [Function],
      "toBeGreaterThan": [Function],
      "toBeGreaterThanOrEqual": [Function],
      "toBeInstanceOf": [Function],
      "toBeLessThan": [Function],
      "toBeLessThanOrEqual": [Function],
      "toBeNaN": [Function],
      "toBeNull": [Function],
      "toBeTruthy": [Function],
      "toBeUndefined": [Function],
      "toContain": [Function],
      "toContainEqual": [Function],
      "toContainExactlyOneMatchingElement": [Function],
      "toContainMatchingElement": [Function],
      "toContainMatchingElements": [Function],
      "toContainReact": [Function],
      "toEqual": [Function],
      "toExist": [Function],
      "toHaveBeenCalled": [Function],
      "toHaveBeenCalledTimes": [Function],
      "toHaveBeenCalledWith": [Function],
      "toHaveBeenLastCalledWith": [Function],
      "toHaveBeenNthCalledWith": [Function],
      "toHaveClassName": [Function],
      "toHaveDisplayName": [Function],
      "toHaveHTML": [Function],
      "toHaveLastReturnedWith": [Function],
      "toHaveLength": [Function],
      "toHaveNthReturnedWith": [Function],
      "toHaveProp": [Function],
      "toHaveProperty": [Function],
      "toHaveRef": [Function],
      "toHaveReturned": [Function],
      "toHaveReturnedTimes": [Function],
      "toHaveReturnedWith": [Function],
      "toHaveState": [Function],
      "toHaveStyle": [Function],
      "toHaveTagName": [Function],
      "toHaveText": [Function],
      "toHaveValue": [Function],
      "toIncludeText": [Function],
      "toMatch": [Function],
      "toMatchElement": [Function],
      "toMatchInlineSnapshot": [Function],
      "toMatchObject": [Function],
      "toMatchSelector": [Function],
      "toMatchSnapshot": [Function],
      "toReturn": [Function],
      "toReturnTimes": [Function],
      "toReturnWith": [Function],
      "toStrictEqual": [Function],
      "toThrow": [Function],
      "toThrowError": [Function],
      "toThrowErrorMatchingInlineSnapshot": [Function],
      "toThrowErrorMatchingSnapshot": [Function],
    },
    "nthCalledWith": [Function],
    "nthReturnedWith": [Function],
    "toBe": [Function],
    "toBeCalled": [Function],
    "toBeCalledTimes": [Function],
    "toBeCalledWith": [Function],
    "toBeChecked": [Function],
    "toBeCloseTo": [Function],
    "toBeDefined": [Function],
    "toBeDisabled": [Function],
    "toBeEmptyRender": [Function],
    "toBeFalsy": [Function],
    "toBeGreaterThan": [Function],
    "toBeGreaterThanOrEqual": [Function],
    "toBeInstanceOf": [Function],
    "toBeLessThan": [Function],
    "toBeLessThanOrEqual": [Function],
    "toBeNaN": [Function],
    "toBeNull": [Function],
    "toBeTruthy": [Function],
    "toBeUndefined": [Function],
    "toContain": [Function],
    "toContainEqual": [Function],
    "toContainExactlyOneMatchingElement": [Function],
    "toContainMatchingElement": [Function],
    "toContainMatchingElements": [Function],
    "toContainReact": [Function],
    "toEqual": [Function],
    "toExist": [Function],
    "toHaveBeenCalled": [Function],
    "toHaveBeenCalledTimes": [Function],
    "toHaveBeenCalledWith": [Function],
    "toHaveBeenLastCalledWith": [Function],
    "toHaveBeenNthCalledWith": [Function],
    "toHaveClassName": [Function],
    "toHaveDisplayName": [Function],
    "toHaveHTML": [Function],
    "toHaveLastReturnedWith": [Function],
    "toHaveLength": [Function],
    "toHaveNthReturnedWith": [Function],
    "toHaveProp": [Function],
    "toHaveProperty": [Function],
    "toHaveRef": [Function],
    "toHaveReturned": [Function],
    "toHaveReturnedTimes": [Function],
    "toHaveReturnedWith": [Function],
    "toHaveState": [Function],
    "toHaveStyle": [Function],
    "toHaveTagName": [Function],
    "toHaveText": [Function],
    "toHaveValue": [Function],
    "toIncludeText": [Function],
    "toMatch": [Function],
    "toMatchElement": [Function],
    "toMatchInlineSnapshot": [Function],
    "toMatchObject": [Function],
    "toMatchSelector": [Function],
    "toMatchSnapshot": [Function],
    "toReturn": [Function],
    "toReturnTimes": [Function],
    "toReturnWith": [Function],
    "toStrictEqual": [Function],
    "toThrow": [Function],
    "toThrowError": [Function],
    "toThrowErrorMatchingInlineSnapshot": [Function],
    "toThrowErrorMatchingSnapshot": [Function],
  },
  "toBe": [Function],
  "toBeCalled": [Function],
  "toBeCalledTimes": [Function],
  "toBeCalledWith": [Function],
  "toBeChecked": [Function],
  "toBeCloseTo": [Function],
  "toBeDefined": [Function],
  "toBeDisabled": [Function],
  "toBeEmptyRender": [Function],
  "toBeFalsy": [Function],
  "toBeGreaterThan": [Function],
  "toBeGreaterThanOrEqual": [Function],
  "toBeInstanceOf": [Function],
  "toBeLessThan": [Function],
  "toBeLessThanOrEqual": [Function],
  "toBeNaN": [Function],
  "toBeNull": [Function],
  "toBeTruthy": [Function],
  "toBeUndefined": [Function],
  "toContain": [Function],
  "toContainEqual": [Function],
  "toContainExactlyOneMatchingElement": [Function],
  "toContainMatchingElement": [Function],
  "toContainMatchingElements": [Function],
  "toContainReact": [Function],
  "toEqual": [Function],
  "toExist": [Function],
  "toHaveBeenCalled": [Function],
  "toHaveBeenCalledTimes": [Function],
  "toHaveBeenCalledWith": [Function],
  "toHaveBeenLastCalledWith": [Function],
  "toHaveBeenNthCalledWith": [Function],
  "toHaveClassName": [Function],
  "toHaveDisplayName": [Function],
  "toHaveHTML": [Function],
  "toHaveLastReturnedWith": [Function],
  "toHaveLength": [Function],
  "toHaveNthReturnedWith": [Function],
  "toHaveProp": [Function],
  "toHaveProperty": [Function],
  "toHaveRef": [Function],
  "toHaveReturned": [Function],
  "toHaveReturnedTimes": [Function],
  "toHaveReturnedWith": [Function],
  "toHaveState": [Function],
  "toHaveStyle": [Function],
  "toHaveTagName": [Function],
  "toHaveText": [Function],
  "toHaveValue": [Function],
  "toIncludeText": [Function],
  "toMatch": [Function],
  "toMatchElement": [Function],
  "toMatchInlineSnapshot": [Function],
  "toMatchObject": [Function],
  "toMatchSelector": [Function],
  "toMatchSnapshot": [Function],
  "toReturn": [Function],
  "toReturnTimes": [Function],
  "toReturnWith": [Function],
  "toStrictEqual": [Function],
  "toThrow": [Function],
  "toThrowError": [Function],
  "toThrowErrorMatchingInlineSnapshot": [Function],
  "toThrowErrorMatchingSnapshot": [Function],
}
`;
