// Jest Snapshot v1, https://goo.gl/fbAQLP

exports[`should return basename of the file 1`] = `
"\\"use strict\\";

Object.defineProperty(exports, \\"__esModule\\", {
  value: true
});
exports.default = void 0;
const basename = \\"test-file.txt\\";
var _default = basename;
exports.default = _default;
//# sourceMappingURL=data:application/json;charset=utf-8;base64,eyJ2ZXJzaW9uIjozLCJzb3VyY2VzIjpbInRlc3QtZmlsZS50eHQiXSwibmFtZXMiOlsiYmFzZW5hbWUiXSwibWFwcGluZ3MiOiI7Ozs7OztBQUNBLE1BQU1BLFFBQVEsR0FBRyxlQUFqQjtlQUVlQSxRIiwic291cmNlc0NvbnRlbnQiOlsiXG5jb25zdCBiYXNlbmFtZSA9IFwidGVzdC1maWxlLnR4dFwiO1xuXG5leHBvcnQgZGVmYXVsdCBiYXNlbmFtZTtcbiJdfQ=="
`;
