// Jest Snapshot v1, https://goo.gl/fbAQLP

exports[`should return JSON of the file 1`] = `"module.exports = {\\"hello\\":\\"world\\"};"`;
