// Jest Snapshot v1, https://goo.gl/fbAQLP

exports[`should return XML string 1`] = `
"
<?xml version=\\"1.0\\" encoding=\\"UTF-8\\"?>
<todos>
    <todo id=\\"1\\">
        <description>foo</description>
        <done>true</done>
    </todo>
    <todo id=\\"2\\">
        <description>bar</description>
        <done>false</done>
    </todo>
</todos>
"
`;
