// Jest Snapshot v1, https://goo.gl/fbAQLP

exports[`should return string containing data-url 1`] = `"module.exports = \\"data:text/plain;base64,dGhpcyBpcyBhIHN0YW5kYXJkIHRleHQgZmlsZSE=\\";"`;
