// Jest Snapshot v1, https://goo.gl/fbAQLP

exports[`should return inline content of file 1`] = `"module.exports = \`this is a file!\`;"`;
