// Jest Snapshot v1, https://goo.gl/fbAQLP

exports[`should match snapshot 1`] = `
Object {
  "setupFilesAfterEnv": Array [
    "foo",
    "<PROJECT_ROOT>/node_modules/@testing-library/jest-dom/extend-expect.js",
  ],
  "testEnvironment": "jsdom",
}
`;
