// Jest Snapshot v1, https://goo.gl/fbAQLP

exports[`should return basename of the file 1`] = `
"\\"use strict\\";

Object.defineProperty(exports, \\"__esModule\\", {
  value: true
});
exports.default = void 0;
const basename = \\"inline-test-file.txt\\";
var _default = basename;
exports.default = _default;
//# sourceMappingURL=data:application/json;charset=utf-8;base64,eyJ2ZXJzaW9uIjozLCJzb3VyY2VzIjpbImlubGluZS10ZXN0LWZpbGUudHh0Il0sIm5hbWVzIjpbImJhc2VuYW1lIl0sIm1hcHBpbmdzIjoiOzs7Ozs7QUFDQSxNQUFNQSxRQUFRLEdBQUcsc0JBQWpCO2VBRWVBLFEiLCJzb3VyY2VzQ29udGVudCI6WyJcbmNvbnN0IGJhc2VuYW1lID0gXCJpbmxpbmUtdGVzdC1maWxlLnR4dFwiO1xuXG5leHBvcnQgZGVmYXVsdCBiYXNlbmFtZTtcbiJdfQ=="
`;
