// Jest Snapshot v1, https://goo.gl/fbAQLP

exports[`should match snapshot 1`] = `
Object {
  "collectCoverageFrom": Array [
    "www/**/*.js",
  ],
  "coveragePathIgnorePatterns": Array [
    "/*.data.js/",
  ],
  "coverageThreshold": Object {
    "global": Object {
      "branches": 80,
      "functions": 80,
      "lines": 80,
      "statements": -10,
    },
  },
  "moduleNameMapper": Object {
    "\\\\.css$": "/Users/joaosilva/Desktop/moxy/jest-preset/node_modules/identity-obj-proxy/src/index.js",
  },
  "setupFiles": Array [
    "./jest.setup.js",
  ],
  "setupFilesAfterEnv": Array [
    "./node_modules/jest-enzyme/lib/index.js",
  ],
  "testPathIgnorePatterns": Array [
    "/*.data.js/",
  ],
  "transform": Object {
    "\\\\.(eot|ttf|woff|woff2|otf)$": "/Users/joaosilva/Desktop/moxy/jest-preset/node_modules/jest-file/index.js",
    "\\\\.(mp3|flac|wav|aac|ogg|oga|mp4|m4a|webm|ogv)$": "/Users/joaosilva/Desktop/moxy/jest-preset/node_modules/jest-file/index.js",
    "\\\\.(png|jpg|jpeg|gif|webp|ico)$": "/Users/joaosilva/Desktop/moxy/jest-preset/node_modules/jest-file/index.js",
    "\\\\.(svg)$": "/Users/joaosilva/Desktop/moxy/jest-preset/node_modules/jest-file/index.js",
    "\\\\.js$": "/Users/joaosilva/Desktop/moxy/jest-preset/node_modules/babel-jest/build/index.js",
  },
}
`;
